0 verbose cli /Users/apple/Downloads/Neon-Database-Share/node/bin/node /Users/apple/Downloads/Neon-Database-Share/node/bin/npm
1 info using npm@10.9.8
2 info using node@v22.23.2
3 silly config load:file:/Users/apple/Downloads/Neon-Database-Share/node/lib/node_modules/npm/npmrc
4 silly config load:file:/Users/apple/.npmrc
5 silly config load:file:/Users/apple/Downloads/Neon-Database-Share/local/etc/npmrc
6 verbose title npm install pnpm
7 verbose argv "--cache" "./.npm-cache" "install" "--global" "pnpm" "--prefix" "/Users/apple/Downloads/Neon-Database-Share/local"
8 verbose logfile logs-max:10 dir:/Users/apple/Downloads/Neon-Database-Share/.npm-cache/_logs/2026-07-31T09_47_54_555Z-
9 verbose logfile /Users/apple/Downloads/Neon-Database-Share/.npm-cache/_logs/2026-07-31T09_47_54_555Z-debug-0.log
10 silly packumentCache heap:2197815296 maxSize:549453824 maxEntrySize:274726912
11 silly logfile done cleaning log files
12 silly idealTree buildDeps
13 silly fetch manifest pnpm@*
14 silly packumentCache full:https://registry.npmjs.org/pnpm cache-miss
15 http fetch GET 200 https://registry.npmjs.org/npm 212ms
16 http fetch GET 200 https://registry.npmjs.org/pnpm 331ms (cache miss)
17 silly packumentCache full:https://registry.npmjs.org/pnpm set size:undefined disposed:false
18 silly placeDep ROOT pnpm@11.18.0 OK for:  want: *
19 silly reify moves {}
20 http cache pnpm@https://registry.npmjs.org/pnpm/-/pnpm-11.18.0.tgz 0ms (cache hit)
21 silly tarball no local data for pnpm@https://registry.npmjs.org/pnpm/-/pnpm-11.18.0.tgz. Extracting by manifest.
22 http fetch GET 200 https://registry.npmjs.org/pnpm/-/pnpm-11.18.0.tgz 1914ms (cache miss)
23 silly ADD node_modules/pnpm
24 verbose cwd /Users/apple/Downloads/Neon-Database-Share
25 verbose os Darwin 22.6.0
26 verbose node v22.23.2
27 verbose npm  v10.9.8
28 notice
28 notice New [31mmajor[39m version of npm available! [31m10.9.8[39m -> [34m12.0.2[39m
28 notice Changelog: [34mhttps://github.com/npm/cli/releases/tag/v12.0.2[39m
28 notice To update run: [4mnpm install -g npm@12.0.2[24m
28 notice  { force: true, [Symbol(proc-log.meta)]: true }
29 verbose exit 0
30 info ok
