$ vite --config vite.config.ts --host 0.0.0.0

  VITE v7.3.6  ready in 575 ms

  ➜  Local:   http://localhost:5173/
  ➜  Network: http://192.168.1.12:5173/
10:25:50 PM [vite] (client) Pre-transform error: /Users/apple/Downloads/Neon-Database-Share/artifacts/tournament-app/src/pages/admin/schedule.tsx: 'return' outside of function. (265:2)

  263 | }
  264 |
> 265 |   return (
      |   ^
  266 |     <AdminLayout>
  267 |       <div className="p-6 space-y-6">
  268 |         <div>
  Plugin: vite:react-babel
  File: /Users/apple/Downloads/Neon-Database-Share/artifacts/tournament-app/src/pages/admin/schedule.tsx:265:2
  263 |  }
  264 |  
  265 |    return (
      |    ^
  266 |      <AdminLayout>
  267 |        <div className="p-6 space-y-6">
10:25:51 PM [vite] Internal server error: /Users/apple/Downloads/Neon-Database-Share/artifacts/tournament-app/src/pages/admin/schedule.tsx: 'return' outside of function. (265:2)

  263 | }
  264 |
> 265 |   return (
      |   ^
  266 |     <AdminLayout>
  267 |       <div className="p-6 space-y-6">
  268 |         <div>
  Plugin: vite:react-babel
  File: /Users/apple/Downloads/Neon-Database-Share/artifacts/tournament-app/src/pages/admin/schedule.tsx:265:2
  263 |  }
  264 |  
  265 |    return (
      |    ^
  266 |      <AdminLayout>
  267 |        <div className="p-6 space-y-6">
      at constructor (/Users/apple/Downloads/Neon-Database-Share/node_modules/.pnpm/@babel+parser@7.29.7/node_modules/@babel/parser/lib/index.js:365:19)
      at TypeScriptParserMixin.raise (/Users/apple/Downloads/Neon-Database-Share/node_modules/.pnpm/@babel+parser@7.29.7/node_modules/@babel/parser/lib/index.js:6616:19)
      at TypeScriptParserMixin.parseReturnStatement (/Users/apple/Downloads/Neon-Database-Share/node_modules/.pnpm/@babel+parser@7.29.7/node_modules/@babel/parser/lib/index.js:13153:12)
      at TypeScriptParserMixin.parseStatementContent (/Users/apple/Downloads/Neon-Database-Share/node_modules/.pnpm/@babel+parser@7.29.7/node_modules/@babel/parser/lib/index.js:12815:21)
      at TypeScriptParserMixin.parseStatementContent (/Users/apple/Downloads/Neon-Database-Share/node_modules/.pnpm/@babel+parser@7.29.7/node_modules/@babel/parser/lib/index.js:9525:18)
      at TypeScriptParserMixin.parseStatementLike (/Users/apple/Downloads/Neon-Database-Share/node_modules/.pnpm/@babel+parser@7.29.7/node_modules/@babel/parser/lib/index.js:12784:17)
      at TypeScriptParserMixin.parseModuleItem (/Users/apple/Downloads/Neon-Database-Share/node_modules/.pnpm/@babel+parser@7.29.7/node_modules/@babel/parser/lib/index.js:12761:17)
      at TypeScriptParserMixin.parseBlockOrModuleBlockBody (/Users/apple/Downloads/Neon-Database-Share/node_modules/.pnpm/@babel+parser@7.29.7/node_modules/@babel/parser/lib/index.js:13333:36)
      at TypeScriptParserMixin.parseBlockBody (/Users/apple/Downloads/Neon-Database-Share/node_modules/.pnpm/@babel+parser@7.29.7/node_modules/@babel/parser/lib/index.js:13326:10)
      at TypeScriptParserMixin.parseProgram (/Users/apple/Downloads/Neon-Database-Share/node_modules/.pnpm/@babel+parser@7.29.7/node_modules/@babel/parser/lib/index.js:12639:10)
      at TypeScriptParserMixin.parseTopLevel (/Users/apple/Downloads/Neon-Database-Share/node_modules/.pnpm/@babel+parser@7.29.7/node_modules/@babel/parser/lib/index.js:12629:25)
      at TypeScriptParserMixin.parse (/Users/apple/Downloads/Neon-Database-Share/node_modules/.pnpm/@babel+parser@7.29.7/node_modules/@babel/parser/lib/index.js:14505:25)
      at TypeScriptParserMixin.parse (/Users/apple/Downloads/Neon-Database-Share/node_modules/.pnpm/@babel+parser@7.29.7/node_modules/@babel/parser/lib/index.js:10143:18)
      at parse (/Users/apple/Downloads/Neon-Database-Share/node_modules/.pnpm/@babel+parser@7.29.7/node_modules/@babel/parser/lib/index.js:14539:38)
      at parser (/Users/apple/Downloads/Neon-Database-Share/node_modules/.pnpm/@babel+core@7.29.7/node_modules/@babel/core/lib/parser/index.js:41:34)
      at parser.next (<anonymous>)
      at normalizeFile (/Users/apple/Downloads/Neon-Database-Share/node_modules/.pnpm/@babel+core@7.29.7/node_modules/@babel/core/lib/transformation/normalize-file.js:51:37)
      at normalizeFile.next (<anonymous>)
      at run (/Users/apple/Downloads/Neon-Database-Share/node_modules/.pnpm/@babel+core@7.29.7/node_modules/@babel/core/lib/transformation/index.js:22:50)
      at run.next (<anonymous>)
      at transform (/Users/apple/Downloads/Neon-Database-Share/node_modules/.pnpm/@babel+core@7.29.7/node_modules/@babel/core/lib/transform.js:22:33)
      at transform.next (<anonymous>)
      at step (/Users/apple/Downloads/Neon-Database-Share/node_modules/.pnpm/gensync@1.0.0-beta.2/node_modules/gensync/index.js:261:32)
      at /Users/apple/Downloads/Neon-Database-Share/node_modules/.pnpm/gensync@1.0.0-beta.2/node_modules/gensync/index.js:273:13
      at async.call.result.err.err (/Users/apple/Downloads/Neon-Database-Share/node_modules/.pnpm/gensync@1.0.0-beta.2/node_modules/gensync/index.js:223:11)
      at /Users/apple/Downloads/Neon-Database-Share/node_modules/.pnpm/gensync@1.0.0-beta.2/node_modules/gensync/index.js:189:28
      at /Users/apple/Downloads/Neon-Database-Share/node_modules/.pnpm/@babel+core@7.29.7/node_modules/@babel/core/lib/gensync-utils/async.js:67:7
      at /Users/apple/Downloads/Neon-Database-Share/node_modules/.pnpm/gensync@1.0.0-beta.2/node_modules/gensync/index.js:113:33
      at step (/Users/apple/Downloads/Neon-Database-Share/node_modules/.pnpm/gensync@1.0.0-beta.2/node_modules/gensync/index.js:287:14)
      at /Users/apple/Downloads/Neon-Database-Share/node_modules/.pnpm/gensync@1.0.0-beta.2/node_modules/gensync/index.js:273:13
      at async.call.result.err.err (/Users/apple/Downloads/Neon-Database-Share/node_modules/.pnpm/gensync@1.0.0-beta.2/node_modules/gensync/index.js:223:11)
10:26:10 PM [vite] Internal server error: /Users/apple/Downloads/Neon-Database-Share/artifacts/tournament-app/src/pages/admin/schedule.tsx: 'return' outside of function. (265:2)

  263 | }
  264 |
> 265 |   return (
      |   ^
  266 |     <AdminLayout>
  267 |       <div className="p-6 space-y-6">
  268 |         <div>
  Plugin: vite:react-babel
  File: /Users/apple/Downloads/Neon-Database-Share/artifacts/tournament-app/src/pages/admin/schedule.tsx:265:2
  263 |  }
  264 |  
  265 |    return (
      |    ^
  266 |      <AdminLayout>
  267 |        <div className="p-6 space-y-6">
      at constructor (/Users/apple/Downloads/Neon-Database-Share/node_modules/.pnpm/@babel+parser@7.29.7/node_modules/@babel/parser/lib/index.js:365:19)
      at TypeScriptParserMixin.raise (/Users/apple/Downloads/Neon-Database-Share/node_modules/.pnpm/@babel+parser@7.29.7/node_modules/@babel/parser/lib/index.js:6616:19)
      at TypeScriptParserMixin.parseReturnStatement (/Users/apple/Downloads/Neon-Database-Share/node_modules/.pnpm/@babel+parser@7.29.7/node_modules/@babel/parser/lib/index.js:13153:12)
      at TypeScriptParserMixin.parseStatementContent (/Users/apple/Downloads/Neon-Database-Share/node_modules/.pnpm/@babel+parser@7.29.7/node_modules/@babel/parser/lib/index.js:12815:21)
      at TypeScriptParserMixin.parseStatementContent (/Users/apple/Downloads/Neon-Database-Share/node_modules/.pnpm/@babel+parser@7.29.7/node_modules/@babel/parser/lib/index.js:9525:18)
      at TypeScriptParserMixin.parseStatementLike (/Users/apple/Downloads/Neon-Database-Share/node_modules/.pnpm/@babel+parser@7.29.7/node_modules/@babel/parser/lib/index.js:12784:17)
      at TypeScriptParserMixin.parseModuleItem (/Users/apple/Downloads/Neon-Database-Share/node_modules/.pnpm/@babel+parser@7.29.7/node_modules/@babel/parser/lib/index.js:12761:17)
      at TypeScriptParserMixin.parseBlockOrModuleBlockBody (/Users/apple/Downloads/Neon-Database-Share/node_modules/.pnpm/@babel+parser@7.29.7/node_modules/@babel/parser/lib/index.js:13333:36)
      at TypeScriptParserMixin.parseBlockBody (/Users/apple/Downloads/Neon-Database-Share/node_modules/.pnpm/@babel+parser@7.29.7/node_modules/@babel/parser/lib/index.js:13326:10)
      at TypeScriptParserMixin.parseProgram (/Users/apple/Downloads/Neon-Database-Share/node_modules/.pnpm/@babel+parser@7.29.7/node_modules/@babel/parser/lib/index.js:12639:10)
      at TypeScriptParserMixin.parseTopLevel (/Users/apple/Downloads/Neon-Database-Share/node_modules/.pnpm/@babel+parser@7.29.7/node_modules/@babel/parser/lib/index.js:12629:25)
      at TypeScriptParserMixin.parse (/Users/apple/Downloads/Neon-Database-Share/node_modules/.pnpm/@babel+parser@7.29.7/node_modules/@babel/parser/lib/index.js:14505:25)
      at TypeScriptParserMixin.parse (/Users/apple/Downloads/Neon-Database-Share/node_modules/.pnpm/@babel+parser@7.29.7/node_modules/@babel/parser/lib/index.js:10143:18)
      at parse (/Users/apple/Downloads/Neon-Database-Share/node_modules/.pnpm/@babel+parser@7.29.7/node_modules/@babel/parser/lib/index.js:14539:38)
      at parser (/Users/apple/Downloads/Neon-Database-Share/node_modules/.pnpm/@babel+core@7.29.7/node_modules/@babel/core/lib/parser/index.js:41:34)
      at parser.next (<anonymous>)
      at normalizeFile (/Users/apple/Downloads/Neon-Database-Share/node_modules/.pnpm/@babel+core@7.29.7/node_modules/@babel/core/lib/transformation/normalize-file.js:51:37)
      at normalizeFile.next (<anonymous>)
      at run (/Users/apple/Downloads/Neon-Database-Share/node_modules/.pnpm/@babel+core@7.29.7/node_modules/@babel/core/lib/transformation/index.js:22:50)
      at run.next (<anonymous>)
      at transform (/Users/apple/Downloads/Neon-Database-Share/node_modules/.pnpm/@babel+core@7.29.7/node_modules/@babel/core/lib/transform.js:22:33)
      at transform.next (<anonymous>)
      at step (/Users/apple/Downloads/Neon-Database-Share/node_modules/.pnpm/gensync@1.0.0-beta.2/node_modules/gensync/index.js:261:32)
      at /Users/apple/Downloads/Neon-Database-Share/node_modules/.pnpm/gensync@1.0.0-beta.2/node_modules/gensync/index.js:273:13
      at async.call.result.err.err (/Users/apple/Downloads/Neon-Database-Share/node_modules/.pnpm/gensync@1.0.0-beta.2/node_modules/gensync/index.js:223:11)
      at /Users/apple/Downloads/Neon-Database-Share/node_modules/.pnpm/gensync@1.0.0-beta.2/node_modules/gensync/index.js:189:28
      at /Users/apple/Downloads/Neon-Database-Share/node_modules/.pnpm/@babel+core@7.29.7/node_modules/@babel/core/lib/gensync-utils/async.js:67:7
      at /Users/apple/Downloads/Neon-Database-Share/node_modules/.pnpm/gensync@1.0.0-beta.2/node_modules/gensync/index.js:113:33
      at step (/Users/apple/Downloads/Neon-Database-Share/node_modules/.pnpm/gensync@1.0.0-beta.2/node_modules/gensync/index.js:287:14)
      at /Users/apple/Downloads/Neon-Database-Share/node_modules/.pnpm/gensync@1.0.0-beta.2/node_modules/gensync/index.js:273:13
      at async.call.result.err.err (/Users/apple/Downloads/Neon-Database-Share/node_modules/.pnpm/gensync@1.0.0-beta.2/node_modules/gensync/index.js:223:11)
10:28:06 PM [vite] (client) hmr update /src/index.css
10:28:07 PM [vite] (client) Pre-transform error: /Users/apple/Downloads/Neon-Database-Share/artifacts/tournament-app/src/pages/admin/schedule.tsx: Unterminated JSX contents. (259:15)

  257 |             </div>
  258 |           </CardContent>
> 259 |         </Card>
      |                ^
  260 |
  Plugin: vite:react-babel
  File: /Users/apple/Downloads/Neon-Database-Share/artifacts/tournament-app/src/pages/admin/schedule.tsx:259:15
  257 |              </div>
  258 |            </CardContent>
  259 |          </Card>
      |                 ^
  260 |  
10:28:07 PM [vite] Internal server error: /Users/apple/Downloads/Neon-Database-Share/artifacts/tournament-app/src/pages/admin/schedule.tsx: Unterminated JSX contents. (259:15)

  257 |             </div>
  258 |           </CardContent>
> 259 |         </Card>
      |                ^
  260 |
  Plugin: vite:react-babel
  File: /Users/apple/Downloads/Neon-Database-Share/artifacts/tournament-app/src/pages/admin/schedule.tsx:259:15
  257 |              </div>
  258 |            </CardContent>
  259 |          </Card>
      |                 ^
  260 |  
      at constructor (/Users/apple/Downloads/Neon-Database-Share/node_modules/.pnpm/@babel+parser@7.29.7/node_modules/@babel/parser/lib/index.js:365:19)
      at TypeScriptParserMixin.raise (/Users/apple/Downloads/Neon-Database-Share/node_modules/.pnpm/@babel+parser@7.29.7/node_modules/@babel/parser/lib/index.js:6616:19)
      at TypeScriptParserMixin.jsxReadToken (/Users/apple/Downloads/Neon-Database-Share/node_modules/.pnpm/@babel+parser@7.29.7/node_modules/@babel/parser/lib/index.js:4460:20)
      at TypeScriptParserMixin.getTokenFromCode (/Users/apple/Downloads/Neon-Database-Share/node_modules/.pnpm/@babel+parser@7.29.7/node_modules/@babel/parser/lib/index.js:4786:12)
      at TypeScriptParserMixin.getTokenFromCode (/Users/apple/Downloads/Neon-Database-Share/node_modules/.pnpm/@babel+parser@7.29.7/node_modules/@babel/parser/lib/index.js:10004:11)
      at TypeScriptParserMixin.nextToken (/Users/apple/Downloads/Neon-Database-Share/node_modules/.pnpm/@babel+parser@7.29.7/node_modules/@babel/parser/lib/index.js:5799:10)
      at TypeScriptParserMixin.next (/Users/apple/Downloads/Neon-Database-Share/node_modules/.pnpm/@babel+parser@7.29.7/node_modules/@babel/parser/lib/index.js:5709:10)
      at TypeScriptParserMixin.eat (/Users/apple/Downloads/Neon-Database-Share/node_modules/.pnpm/@babel+parser@7.29.7/node_modules/@babel/parser/lib/index.js:5713:12)
      at TypeScriptParserMixin.expect (/Users/apple/Downloads/Neon-Database-Share/node_modules/.pnpm/@babel+parser@7.29.7/node_modules/@babel/parser/lib/index.js:6915:15)
      at TypeScriptParserMixin.jsxParseClosingElementAt (/Users/apple/Downloads/Neon-Database-Share/node_modules/.pnpm/@babel+parser@7.29.7/node_modules/@babel/parser/lib/index.js:4692:10)
      at TypeScriptParserMixin.jsxParseElementAt (/Users/apple/Downloads/Neon-Database-Share/node_modules/.pnpm/@babel+parser@7.29.7/node_modules/@babel/parser/lib/index.js:4707:37)
      at TypeScriptParserMixin.jsxParseElementAt (/Users/apple/Downloads/Neon-Database-Share/node_modules/.pnpm/@babel+parser@7.29.7/node_modules/@babel/parser/lib/index.js:4710:32)
      at TypeScriptParserMixin.jsxParseElementAt (/Users/apple/Downloads/Neon-Database-Share/node_modules/.pnpm/@babel+parser@7.29.7/node_modules/@babel/parser/lib/index.js:4710:32)
      at TypeScriptParserMixin.jsxParseElement (/Users/apple/Downloads/Neon-Database-Share/node_modules/.pnpm/@babel+parser@7.29.7/node_modules/@babel/parser/lib/index.js:4761:17)
      at TypeScriptParserMixin.parseExprAtom (/Users/apple/Downloads/Neon-Database-Share/node_modules/.pnpm/@babel+parser@7.29.7/node_modules/@babel/parser/lib/index.js:4771:19)
      at TypeScriptParserMixin.parseExprSubscripts (/Users/apple/Downloads/Neon-Database-Share/node_modules/.pnpm/@babel+parser@7.29.7/node_modules/@babel/parser/lib/index.js:11098:23)
      at TypeScriptParserMixin.parseUpdate (/Users/apple/Downloads/Neon-Database-Share/node_modules/.pnpm/@babel+parser@7.29.7/node_modules/@babel/parser/lib/index.js:11083:21)
      at TypeScriptParserMixin.parseMaybeUnary (/Users/apple/Downloads/Neon-Database-Share/node_modules/.pnpm/@babel+parser@7.29.7/node_modules/@babel/parser/lib/index.js:11063:23)
      at TypeScriptParserMixin.parseMaybeUnary (/Users/apple/Downloads/Neon-Database-Share/node_modules/.pnpm/@babel+parser@7.29.7/node_modules/@babel/parser/lib/index.js:9854:18)
      at TypeScriptParserMixin.parseMaybeUnaryOrPrivate (/Users/apple/Downloads/Neon-Database-Share/node_modules/.pnpm/@babel+parser@7.29.7/node_modules/@babel/parser/lib/index.js:10916:61)
      at TypeScriptParserMixin.parseExprOps (/Users/apple/Downloads/Neon-Database-Share/node_modules/.pnpm/@babel+parser@7.29.7/node_modules/@babel/parser/lib/index.js:10921:23)
      at TypeScriptParserMixin.parseMaybeConditional (/Users/apple/Downloads/Neon-Database-Share/node_modules/.pnpm/@babel+parser@7.29.7/node_modules/@babel/parser/lib/index.js:10898:23)
      at TypeScriptParserMixin.parseMaybeAssign (/Users/apple/Downloads/Neon-Database-Share/node_modules/.pnpm/@babel+parser@7.29.7/node_modules/@babel/parser/lib/index.js:10848:21)
      at /Users/apple/Downloads/Neon-Database-Share/node_modules/.pnpm/@babel+parser@7.29.7/node_modules/@babel/parser/lib/index.js:9792:39
      at TypeScriptParserMixin.tryParse (/Users/apple/Downloads/Neon-Database-Share/node_modules/.pnpm/@babel+parser@7.29.7/node_modules/@babel/parser/lib/index.js:6924:20)
      at TypeScriptParserMixin.parseMaybeAssign (/Users/apple/Downloads/Neon-Database-Share/node_modules/.pnpm/@babel+parser@7.29.7/node_modules/@babel/parser/lib/index.js:9792:18)
      at /Users/apple/Downloads/Neon-Database-Share/node_modules/.pnpm/@babel+parser@7.29.7/node_modules/@babel/parser/lib/index.js:10817:39
      at TypeScriptParserMixin.allowInAnd (/Users/apple/Downloads/Neon-Database-Share/node_modules/.pnpm/@babel+parser@7.29.7/node_modules/@babel/parser/lib/index.js:12443:12)
      at TypeScriptParserMixin.parseMaybeAssignAllowIn (/Users/apple/Downloads/Neon-Database-Share/node_modules/.pnpm/@babel+parser@7.29.7/node_modules/@babel/parser/lib/index.js:10817:17)
      at TypeScriptParserMixin.parseMaybeAssignAllowInOrVoidPattern (/Users/apple/Downloads/Neon-Database-Share/node_modules/.pnpm/@babel+parser@7.29.7/node_modules/@babel/parser/lib/index.js:12510:17)
      at TypeScriptParserMixin.parseParenAndDistinguishExpression (/Users/apple/Downloads/Neon-Database-Share/node_modules/.pnpm/@babel+parser@7.29.7/node_modules/@babel/parser/lib/index.js:11692:28)
      at TypeScriptParserMixin.parseExprAtom (/Users/apple/Downloads/Neon-Database-Share/node_modules/.pnpm/@babel+parser@7.29.7/node_modules/@babel/parser/lib/index.js:11348:23)
      at TypeScriptParserMixin.parseExprAtom (/Users/apple/Downloads/Neon-Database-Share/node_modules/.pnpm/@babel+parser@7.29.7/node_modules/@babel/parser/lib/index.js:4776:20)
      at TypeScriptParserMixin.parseExprSubscripts (/Users/apple/Downloads/Neon-Database-Share/node_modules/.pnpm/@babel+parser@7.29.7/node_modules/@babel/parser/lib/index.js:11098:23)
      at TypeScriptParserMixin.parseUpdate (/Users/apple/Downloads/Neon-Database-Share/node_modules/.pnpm/@babel+parser@7.29.7/node_modules/@babel/parser/lib/index.js:11083:21)
      at TypeScriptParserMixin.parseMaybeUnary (/Users/apple/Downloads/Neon-Database-Share/node_modules/.pnpm/@babel+parser@7.29.7/node_modules/@babel/parser/lib/index.js:11063:23)
      at TypeScriptParserMixin.parseMaybeUnary (/Users/apple/Downloads/Neon-Database-Share/node_modules/.pnpm/@babel+parser@7.29.7/node_modules/@babel/parser/lib/index.js:9854:18)
      at TypeScriptParserMixin.parseMaybeUnaryOrPrivate (/Users/apple/Downloads/Neon-Database-Share/node_modules/.pnpm/@babel+parser@7.29.7/node_modules/@babel/parser/lib/index.js:10916:61)
      at TypeScriptParserMixin.parseExprOps (/Users/apple/Downloads/Neon-Database-Share/node_modules/.pnpm/@babel+parser@7.29.7/node_modules/@babel/parser/lib/index.js:10921:23)
      at TypeScriptParserMixin.parseMaybeConditional (/Users/apple/Downloads/Neon-Database-Share/node_modules/.pnpm/@babel+parser@7.29.7/node_modules/@babel/parser/lib/index.js:10898:23)
      at TypeScriptParserMixin.parseMaybeAssign (/Users/apple/Downloads/Neon-Database-Share/node_modules/.pnpm/@babel+parser@7.29.7/node_modules/@babel/parser/lib/index.js:10848:21)
      at TypeScriptParserMixin.parseMaybeAssign (/Users/apple/Downloads/Neon-Database-Share/node_modules/.pnpm/@babel+parser@7.29.7/node_modules/@babel/parser/lib/index.js:9803:20)
      at TypeScriptParserMixin.parseExpressionBase (/Users/apple/Downloads/Neon-Database-Share/node_modules/.pnpm/@babel+parser@7.29.7/node_modules/@babel/parser/lib/index.js:10801:23)
      at /Users/apple/Downloads/Neon-Database-Share/node_modules/.pnpm/@babel+parser@7.29.7/node_modules/@babel/parser/lib/index.js:10797:39
      at TypeScriptParserMixin.allowInAnd (/Users/apple/Downloads/Neon-Database-Share/node_modules/.pnpm/@babel+parser@7.29.7/node_modules/@babel/parser/lib/index.js:12438:16)
      at TypeScriptParserMixin.parseExpression (/Users/apple/Downloads/Neon-Database-Share/node_modules/.pnpm/@babel+parser@7.29.7/node_modules/@babel/parser/lib/index.js:10797:17)
      at TypeScriptParserMixin.parseReturnStatement (/Users/apple/Downloads/Neon-Database-Share/node_modules/.pnpm/@babel+parser@7.29.7/node_modules/@babel/parser/lib/index.js:13159:28)
      at TypeScriptParserMixin.parseStatementContent (/Users/apple/Downloads/Neon-Database-Share/node_modules/.pnpm/@babel+parser@7.29.7/node_modules/@babel/parser/lib/index.js:12815:21)
      at TypeScriptParserMixin.parseStatementContent (/Users/apple/Downloads/Neon-Database-Share/node_modules/.pnpm/@babel+parser@7.29.7/node_modules/@babel/parser/lib/index.js:9525:18)
      at TypeScriptParserMixin.parseStatementLike (/Users/apple/Downloads/Neon-Database-Share/node_modules/.pnpm/@babel+parser@7.29.7/node_modules/@babel/parser/lib/index.js:12784:17)
10:28:12 PM [vite] (client) hmr update /src/index.css
10:28:12 PM [vite] (client) Pre-transform error: /Users/apple/Downloads/Neon-Database-Share/artifacts/tournament-app/src/pages/admin/schedule.tsx: Unterminated JSX contents. (259:15)

  257 |             </div>
  258 |           </CardContent>
> 259 |         </Card>
      |                ^
  260 |
  Plugin: vite:react-babel
  File: /Users/apple/Downloads/Neon-Database-Share/artifacts/tournament-app/src/pages/admin/schedule.tsx:259:15
  257 |              </div>
  258 |            </CardContent>
  259 |          </Card>
      |                 ^
  260 |  
10:28:12 PM [vite] Internal server error: /Users/apple/Downloads/Neon-Database-Share/artifacts/tournament-app/src/pages/admin/schedule.tsx: Unterminated JSX contents. (259:15)

  257 |             </div>
  258 |           </CardContent>
> 259 |         </Card>
      |                ^
  260 |
  Plugin: vite:react-babel
  File: /Users/apple/Downloads/Neon-Database-Share/artifacts/tournament-app/src/pages/admin/schedule.tsx:259:15
  257 |              </div>
  258 |            </CardContent>
  259 |          </Card>
      |                 ^
  260 |  
      at constructor (/Users/apple/Downloads/Neon-Database-Share/node_modules/.pnpm/@babel+parser@7.29.7/node_modules/@babel/parser/lib/index.js:365:19)
      at TypeScriptParserMixin.raise (/Users/apple/Downloads/Neon-Database-Share/node_modules/.pnpm/@babel+parser@7.29.7/node_modules/@babel/parser/lib/index.js:6616:19)
      at TypeScriptParserMixin.jsxReadToken (/Users/apple/Downloads/Neon-Database-Share/node_modules/.pnpm/@babel+parser@7.29.7/node_modules/@babel/parser/lib/index.js:4460:20)
      at TypeScriptParserMixin.getTokenFromCode (/Users/apple/Downloads/Neon-Database-Share/node_modules/.pnpm/@babel+parser@7.29.7/node_modules/@babel/parser/lib/index.js:4786:12)
      at TypeScriptParserMixin.getTokenFromCode (/Users/apple/Downloads/Neon-Database-Share/node_modules/.pnpm/@babel+parser@7.29.7/node_modules/@babel/parser/lib/index.js:10004:11)
      at TypeScriptParserMixin.nextToken (/Users/apple/Downloads/Neon-Database-Share/node_modules/.pnpm/@babel+parser@7.29.7/node_modules/@babel/parser/lib/index.js:5799:10)
      at TypeScriptParserMixin.next (/Users/apple/Downloads/Neon-Database-Share/node_modules/.pnpm/@babel+parser@7.29.7/node_modules/@babel/parser/lib/index.js:5709:10)
      at TypeScriptParserMixin.eat (/Users/apple/Downloads/Neon-Database-Share/node_modules/.pnpm/@babel+parser@7.29.7/node_modules/@babel/parser/lib/index.js:5713:12)
      at TypeScriptParserMixin.expect (/Users/apple/Downloads/Neon-Database-Share/node_modules/.pnpm/@babel+parser@7.29.7/node_modules/@babel/parser/lib/index.js:6915:15)
      at TypeScriptParserMixin.jsxParseClosingElementAt (/Users/apple/Downloads/Neon-Database-Share/node_modules/.pnpm/@babel+parser@7.29.7/node_modules/@babel/parser/lib/index.js:4692:10)
      at TypeScriptParserMixin.jsxParseElementAt (/Users/apple/Downloads/Neon-Database-Share/node_modules/.pnpm/@babel+parser@7.29.7/node_modules/@babel/parser/lib/index.js:4707:37)
      at TypeScriptParserMixin.jsxParseElementAt (/Users/apple/Downloads/Neon-Database-Share/node_modules/.pnpm/@babel+parser@7.29.7/node_modules/@babel/parser/lib/index.js:4710:32)
      at TypeScriptParserMixin.jsxParseElementAt (/Users/apple/Downloads/Neon-Database-Share/node_modules/.pnpm/@babel+parser@7.29.7/node_modules/@babel/parser/lib/index.js:4710:32)
      at TypeScriptParserMixin.jsxParseElement (/Users/apple/Downloads/Neon-Database-Share/node_modules/.pnpm/@babel+parser@7.29.7/node_modules/@babel/parser/lib/index.js:4761:17)
      at TypeScriptParserMixin.parseExprAtom (/Users/apple/Downloads/Neon-Database-Share/node_modules/.pnpm/@babel+parser@7.29.7/node_modules/@babel/parser/lib/index.js:4771:19)
      at TypeScriptParserMixin.parseExprSubscripts (/Users/apple/Downloads/Neon-Database-Share/node_modules/.pnpm/@babel+parser@7.29.7/node_modules/@babel/parser/lib/index.js:11098:23)
      at TypeScriptParserMixin.parseUpdate (/Users/apple/Downloads/Neon-Database-Share/node_modules/.pnpm/@babel+parser@7.29.7/node_modules/@babel/parser/lib/index.js:11083:21)
      at TypeScriptParserMixin.parseMaybeUnary (/Users/apple/Downloads/Neon-Database-Share/node_modules/.pnpm/@babel+parser@7.29.7/node_modules/@babel/parser/lib/index.js:11063:23)
      at TypeScriptParserMixin.parseMaybeUnary (/Users/apple/Downloads/Neon-Database-Share/node_modules/.pnpm/@babel+parser@7.29.7/node_modules/@babel/parser/lib/index.js:9854:18)
      at TypeScriptParserMixin.parseMaybeUnaryOrPrivate (/Users/apple/Downloads/Neon-Database-Share/node_modules/.pnpm/@babel+parser@7.29.7/node_modules/@babel/parser/lib/index.js:10916:61)
      at TypeScriptParserMixin.parseExprOps (/Users/apple/Downloads/Neon-Database-Share/node_modules/.pnpm/@babel+parser@7.29.7/node_modules/@babel/parser/lib/index.js:10921:23)
      at TypeScriptParserMixin.parseMaybeConditional (/Users/apple/Downloads/Neon-Database-Share/node_modules/.pnpm/@babel+parser@7.29.7/node_modules/@babel/parser/lib/index.js:10898:23)
      at TypeScriptParserMixin.parseMaybeAssign (/Users/apple/Downloads/Neon-Database-Share/node_modules/.pnpm/@babel+parser@7.29.7/node_modules/@babel/parser/lib/index.js:10848:21)
      at /Users/apple/Downloads/Neon-Database-Share/node_modules/.pnpm/@babel+parser@7.29.7/node_modules/@babel/parser/lib/index.js:9792:39
      at TypeScriptParserMixin.tryParse (/Users/apple/Downloads/Neon-Database-Share/node_modules/.pnpm/@babel+parser@7.29.7/node_modules/@babel/parser/lib/index.js:6924:20)
      at TypeScriptParserMixin.parseMaybeAssign (/Users/apple/Downloads/Neon-Database-Share/node_modules/.pnpm/@babel+parser@7.29.7/node_modules/@babel/parser/lib/index.js:9792:18)
      at /Users/apple/Downloads/Neon-Database-Share/node_modules/.pnpm/@babel+parser@7.29.7/node_modules/@babel/parser/lib/index.js:10817:39
      at TypeScriptParserMixin.allowInAnd (/Users/apple/Downloads/Neon-Database-Share/node_modules/.pnpm/@babel+parser@7.29.7/node_modules/@babel/parser/lib/index.js:12443:12)
      at TypeScriptParserMixin.parseMaybeAssignAllowIn (/Users/apple/Downloads/Neon-Database-Share/node_modules/.pnpm/@babel+parser@7.29.7/node_modules/@babel/parser/lib/index.js:10817:17)
      at TypeScriptParserMixin.parseMaybeAssignAllowInOrVoidPattern (/Users/apple/Downloads/Neon-Database-Share/node_modules/.pnpm/@babel+parser@7.29.7/node_modules/@babel/parser/lib/index.js:12510:17)
      at TypeScriptParserMixin.parseParenAndDistinguishExpression (/Users/apple/Downloads/Neon-Database-Share/node_modules/.pnpm/@babel+parser@7.29.7/node_modules/@babel/parser/lib/index.js:11692:28)
      at TypeScriptParserMixin.parseExprAtom (/Users/apple/Downloads/Neon-Database-Share/node_modules/.pnpm/@babel+parser@7.29.7/node_modules/@babel/parser/lib/index.js:11348:23)
      at TypeScriptParserMixin.parseExprAtom (/Users/apple/Downloads/Neon-Database-Share/node_modules/.pnpm/@babel+parser@7.29.7/node_modules/@babel/parser/lib/index.js:4776:20)
      at TypeScriptParserMixin.parseExprSubscripts (/Users/apple/Downloads/Neon-Database-Share/node_modules/.pnpm/@babel+parser@7.29.7/node_modules/@babel/parser/lib/index.js:11098:23)
      at TypeScriptParserMixin.parseUpdate (/Users/apple/Downloads/Neon-Database-Share/node_modules/.pnpm/@babel+parser@7.29.7/node_modules/@babel/parser/lib/index.js:11083:21)
      at TypeScriptParserMixin.parseMaybeUnary (/Users/apple/Downloads/Neon-Database-Share/node_modules/.pnpm/@babel+parser@7.29.7/node_modules/@babel/parser/lib/index.js:11063:23)
      at TypeScriptParserMixin.parseMaybeUnary (/Users/apple/Downloads/Neon-Database-Share/node_modules/.pnpm/@babel+parser@7.29.7/node_modules/@babel/parser/lib/index.js:9854:18)
      at TypeScriptParserMixin.parseMaybeUnaryOrPrivate (/Users/apple/Downloads/Neon-Database-Share/node_modules/.pnpm/@babel+parser@7.29.7/node_modules/@babel/parser/lib/index.js:10916:61)
      at TypeScriptParserMixin.parseExprOps (/Users/apple/Downloads/Neon-Database-Share/node_modules/.pnpm/@babel+parser@7.29.7/node_modules/@babel/parser/lib/index.js:10921:23)
      at TypeScriptParserMixin.parseMaybeConditional (/Users/apple/Downloads/Neon-Database-Share/node_modules/.pnpm/@babel+parser@7.29.7/node_modules/@babel/parser/lib/index.js:10898:23)
      at TypeScriptParserMixin.parseMaybeAssign (/Users/apple/Downloads/Neon-Database-Share/node_modules/.pnpm/@babel+parser@7.29.7/node_modules/@babel/parser/lib/index.js:10848:21)
      at TypeScriptParserMixin.parseMaybeAssign (/Users/apple/Downloads/Neon-Database-Share/node_modules/.pnpm/@babel+parser@7.29.7/node_modules/@babel/parser/lib/index.js:9803:20)
      at TypeScriptParserMixin.parseExpressionBase (/Users/apple/Downloads/Neon-Database-Share/node_modules/.pnpm/@babel+parser@7.29.7/node_modules/@babel/parser/lib/index.js:10801:23)
      at /Users/apple/Downloads/Neon-Database-Share/node_modules/.pnpm/@babel+parser@7.29.7/node_modules/@babel/parser/lib/index.js:10797:39
      at TypeScriptParserMixin.allowInAnd (/Users/apple/Downloads/Neon-Database-Share/node_modules/.pnpm/@babel+parser@7.29.7/node_modules/@babel/parser/lib/index.js:12438:16)
      at TypeScriptParserMixin.parseExpression (/Users/apple/Downloads/Neon-Database-Share/node_modules/.pnpm/@babel+parser@7.29.7/node_modules/@babel/parser/lib/index.js:10797:17)
      at TypeScriptParserMixin.parseReturnStatement (/Users/apple/Downloads/Neon-Database-Share/node_modules/.pnpm/@babel+parser@7.29.7/node_modules/@babel/parser/lib/index.js:13159:28)
      at TypeScriptParserMixin.parseStatementContent (/Users/apple/Downloads/Neon-Database-Share/node_modules/.pnpm/@babel+parser@7.29.7/node_modules/@babel/parser/lib/index.js:12815:21)
      at TypeScriptParserMixin.parseStatementContent (/Users/apple/Downloads/Neon-Database-Share/node_modules/.pnpm/@babel+parser@7.29.7/node_modules/@babel/parser/lib/index.js:9525:18)
      at TypeScriptParserMixin.parseStatementLike (/Users/apple/Downloads/Neon-Database-Share/node_modules/.pnpm/@babel+parser@7.29.7/node_modules/@babel/parser/lib/index.js:12784:17)
10:29:19 PM [vite] Internal server error: /Users/apple/Downloads/Neon-Database-Share/artifacts/tournament-app/src/pages/admin/schedule.tsx: Unterminated JSX contents. (259:15)

  257 |             </div>
  258 |           </CardContent>
> 259 |         </Card>
      |                ^
  260 |
  Plugin: vite:react-babel
  File: /Users/apple/Downloads/Neon-Database-Share/artifacts/tournament-app/src/pages/admin/schedule.tsx:259:15
  257 |              </div>
  258 |            </CardContent>
  259 |          </Card>
      |                 ^
  260 |  
      at constructor (/Users/apple/Downloads/Neon-Database-Share/node_modules/.pnpm/@babel+parser@7.29.7/node_modules/@babel/parser/lib/index.js:365:19)
      at TypeScriptParserMixin.raise (/Users/apple/Downloads/Neon-Database-Share/node_modules/.pnpm/@babel+parser@7.29.7/node_modules/@babel/parser/lib/index.js:6616:19)
      at TypeScriptParserMixin.jsxReadToken (/Users/apple/Downloads/Neon-Database-Share/node_modules/.pnpm/@babel+parser@7.29.7/node_modules/@babel/parser/lib/index.js:4460:20)
      at TypeScriptParserMixin.getTokenFromCode (/Users/apple/Downloads/Neon-Database-Share/node_modules/.pnpm/@babel+parser@7.29.7/node_modules/@babel/parser/lib/index.js:4786:12)
      at TypeScriptParserMixin.getTokenFromCode (/Users/apple/Downloads/Neon-Database-Share/node_modules/.pnpm/@babel+parser@7.29.7/node_modules/@babel/parser/lib/index.js:10004:11)
      at TypeScriptParserMixin.nextToken (/Users/apple/Downloads/Neon-Database-Share/node_modules/.pnpm/@babel+parser@7.29.7/node_modules/@babel/parser/lib/index.js:5799:10)
      at TypeScriptParserMixin.next (/Users/apple/Downloads/Neon-Database-Share/node_modules/.pnpm/@babel+parser@7.29.7/node_modules/@babel/parser/lib/index.js:5709:10)
      at TypeScriptParserMixin.eat (/Users/apple/Downloads/Neon-Database-Share/node_modules/.pnpm/@babel+parser@7.29.7/node_modules/@babel/parser/lib/index.js:5713:12)
      at TypeScriptParserMixin.expect (/Users/apple/Downloads/Neon-Database-Share/node_modules/.pnpm/@babel+parser@7.29.7/node_modules/@babel/parser/lib/index.js:6915:15)
      at TypeScriptParserMixin.jsxParseClosingElementAt (/Users/apple/Downloads/Neon-Database-Share/node_modules/.pnpm/@babel+parser@7.29.7/node_modules/@babel/parser/lib/index.js:4692:10)
      at TypeScriptParserMixin.jsxParseElementAt (/Users/apple/Downloads/Neon-Database-Share/node_modules/.pnpm/@babel+parser@7.29.7/node_modules/@babel/parser/lib/index.js:4707:37)
      at TypeScriptParserMixin.jsxParseElementAt (/Users/apple/Downloads/Neon-Database-Share/node_modules/.pnpm/@babel+parser@7.29.7/node_modules/@babel/parser/lib/index.js:4710:32)
      at TypeScriptParserMixin.jsxParseElementAt (/Users/apple/Downloads/Neon-Database-Share/node_modules/.pnpm/@babel+parser@7.29.7/node_modules/@babel/parser/lib/index.js:4710:32)
      at TypeScriptParserMixin.jsxParseElement (/Users/apple/Downloads/Neon-Database-Share/node_modules/.pnpm/@babel+parser@7.29.7/node_modules/@babel/parser/lib/index.js:4761:17)
      at TypeScriptParserMixin.parseExprAtom (/Users/apple/Downloads/Neon-Database-Share/node_modules/.pnpm/@babel+parser@7.29.7/node_modules/@babel/parser/lib/index.js:4771:19)
      at TypeScriptParserMixin.parseExprSubscripts (/Users/apple/Downloads/Neon-Database-Share/node_modules/.pnpm/@babel+parser@7.29.7/node_modules/@babel/parser/lib/index.js:11098:23)
      at TypeScriptParserMixin.parseUpdate (/Users/apple/Downloads/Neon-Database-Share/node_modules/.pnpm/@babel+parser@7.29.7/node_modules/@babel/parser/lib/index.js:11083:21)
      at TypeScriptParserMixin.parseMaybeUnary (/Users/apple/Downloads/Neon-Database-Share/node_modules/.pnpm/@babel+parser@7.29.7/node_modules/@babel/parser/lib/index.js:11063:23)
      at TypeScriptParserMixin.parseMaybeUnary (/Users/apple/Downloads/Neon-Database-Share/node_modules/.pnpm/@babel+parser@7.29.7/node_modules/@babel/parser/lib/index.js:9854:18)
      at TypeScriptParserMixin.parseMaybeUnaryOrPrivate (/Users/apple/Downloads/Neon-Database-Share/node_modules/.pnpm/@babel+parser@7.29.7/node_modules/@babel/parser/lib/index.js:10916:61)
      at TypeScriptParserMixin.parseExprOps (/Users/apple/Downloads/Neon-Database-Share/node_modules/.pnpm/@babel+parser@7.29.7/node_modules/@babel/parser/lib/index.js:10921:23)
      at TypeScriptParserMixin.parseMaybeConditional (/Users/apple/Downloads/Neon-Database-Share/node_modules/.pnpm/@babel+parser@7.29.7/node_modules/@babel/parser/lib/index.js:10898:23)
      at TypeScriptParserMixin.parseMaybeAssign (/Users/apple/Downloads/Neon-Database-Share/node_modules/.pnpm/@babel+parser@7.29.7/node_modules/@babel/parser/lib/index.js:10848:21)
      at /Users/apple/Downloads/Neon-Database-Share/node_modules/.pnpm/@babel+parser@7.29.7/node_modules/@babel/parser/lib/index.js:9792:39
      at TypeScriptParserMixin.tryParse (/Users/apple/Downloads/Neon-Database-Share/node_modules/.pnpm/@babel+parser@7.29.7/node_modules/@babel/parser/lib/index.js:6924:20)
      at TypeScriptParserMixin.parseMaybeAssign (/Users/apple/Downloads/Neon-Database-Share/node_modules/.pnpm/@babel+parser@7.29.7/node_modules/@babel/parser/lib/index.js:9792:18)
      at /Users/apple/Downloads/Neon-Database-Share/node_modules/.pnpm/@babel+parser@7.29.7/node_modules/@babel/parser/lib/index.js:10817:39
      at TypeScriptParserMixin.allowInAnd (/Users/apple/Downloads/Neon-Database-Share/node_modules/.pnpm/@babel+parser@7.29.7/node_modules/@babel/parser/lib/index.js:12443:12)
      at TypeScriptParserMixin.parseMaybeAssignAllowIn (/Users/apple/Downloads/Neon-Database-Share/node_modules/.pnpm/@babel+parser@7.29.7/node_modules/@babel/parser/lib/index.js:10817:17)
      at TypeScriptParserMixin.parseMaybeAssignAllowInOrVoidPattern (/Users/apple/Downloads/Neon-Database-Share/node_modules/.pnpm/@babel+parser@7.29.7/node_modules/@babel/parser/lib/index.js:12510:17)
      at TypeScriptParserMixin.parseParenAndDistinguishExpression (/Users/apple/Downloads/Neon-Database-Share/node_modules/.pnpm/@babel+parser@7.29.7/node_modules/@babel/parser/lib/index.js:11692:28)
      at TypeScriptParserMixin.parseExprAtom (/Users/apple/Downloads/Neon-Database-Share/node_modules/.pnpm/@babel+parser@7.29.7/node_modules/@babel/parser/lib/index.js:11348:23)
      at TypeScriptParserMixin.parseExprAtom (/Users/apple/Downloads/Neon-Database-Share/node_modules/.pnpm/@babel+parser@7.29.7/node_modules/@babel/parser/lib/index.js:4776:20)
      at TypeScriptParserMixin.parseExprSubscripts (/Users/apple/Downloads/Neon-Database-Share/node_modules/.pnpm/@babel+parser@7.29.7/node_modules/@babel/parser/lib/index.js:11098:23)
      at TypeScriptParserMixin.parseUpdate (/Users/apple/Downloads/Neon-Database-Share/node_modules/.pnpm/@babel+parser@7.29.7/node_modules/@babel/parser/lib/index.js:11083:21)
      at TypeScriptParserMixin.parseMaybeUnary (/Users/apple/Downloads/Neon-Database-Share/node_modules/.pnpm/@babel+parser@7.29.7/node_modules/@babel/parser/lib/index.js:11063:23)
      at TypeScriptParserMixin.parseMaybeUnary (/Users/apple/Downloads/Neon-Database-Share/node_modules/.pnpm/@babel+parser@7.29.7/node_modules/@babel/parser/lib/index.js:9854:18)
      at TypeScriptParserMixin.parseMaybeUnaryOrPrivate (/Users/apple/Downloads/Neon-Database-Share/node_modules/.pnpm/@babel+parser@7.29.7/node_modules/@babel/parser/lib/index.js:10916:61)
      at TypeScriptParserMixin.parseExprOps (/Users/apple/Downloads/Neon-Database-Share/node_modules/.pnpm/@babel+parser@7.29.7/node_modules/@babel/parser/lib/index.js:10921:23)
      at TypeScriptParserMixin.parseMaybeConditional (/Users/apple/Downloads/Neon-Database-Share/node_modules/.pnpm/@babel+parser@7.29.7/node_modules/@babel/parser/lib/index.js:10898:23)
      at TypeScriptParserMixin.parseMaybeAssign (/Users/apple/Downloads/Neon-Database-Share/node_modules/.pnpm/@babel+parser@7.29.7/node_modules/@babel/parser/lib/index.js:10848:21)
      at TypeScriptParserMixin.parseMaybeAssign (/Users/apple/Downloads/Neon-Database-Share/node_modules/.pnpm/@babel+parser@7.29.7/node_modules/@babel/parser/lib/index.js:9803:20)
      at TypeScriptParserMixin.parseExpressionBase (/Users/apple/Downloads/Neon-Database-Share/node_modules/.pnpm/@babel+parser@7.29.7/node_modules/@babel/parser/lib/index.js:10801:23)
      at /Users/apple/Downloads/Neon-Database-Share/node_modules/.pnpm/@babel+parser@7.29.7/node_modules/@babel/parser/lib/index.js:10797:39
      at TypeScriptParserMixin.allowInAnd (/Users/apple/Downloads/Neon-Database-Share/node_modules/.pnpm/@babel+parser@7.29.7/node_modules/@babel/parser/lib/index.js:12438:16)
      at TypeScriptParserMixin.parseExpression (/Users/apple/Downloads/Neon-Database-Share/node_modules/.pnpm/@babel+parser@7.29.7/node_modules/@babel/parser/lib/index.js:10797:17)
      at TypeScriptParserMixin.parseReturnStatement (/Users/apple/Downloads/Neon-Database-Share/node_modules/.pnpm/@babel+parser@7.29.7/node_modules/@babel/parser/lib/index.js:13159:28)
      at TypeScriptParserMixin.parseStatementContent (/Users/apple/Downloads/Neon-Database-Share/node_modules/.pnpm/@babel+parser@7.29.7/node_modules/@babel/parser/lib/index.js:12815:21)
      at TypeScriptParserMixin.parseStatementContent (/Users/apple/Downloads/Neon-Database-Share/node_modules/.pnpm/@babel+parser@7.29.7/node_modules/@babel/parser/lib/index.js:9525:18)
      at TypeScriptParserMixin.parseStatementLike (/Users/apple/Downloads/Neon-Database-Share/node_modules/.pnpm/@babel+parser@7.29.7/node_modules/@babel/parser/lib/index.js:12784:17)
10:30:42 PM [vite] (client) hmr update /src/index.css
10:30:49 PM [vite] (client) hmr update /src/pages/admin/schedule.tsx, /src/index.css
10:31:35 PM [vite] http proxy error: /api/matches
Error: socket hang up
    at Socket.socketOnEnd (node:_http_client:771:25)
    at Socket.emit (node:events:521:24)
    at endReadableNT (node:internal/streams/readable:1753:12)
    at process.processTicksAndRejections (node:internal/process/task_queues:90:21)
10:31:35 PM [vite] http proxy error: /api/registrations
Error: socket hang up
    at Socket.socketOnEnd (node:_http_client:771:25)
    at Socket.emit (node:events:521:24)
    at endReadableNT (node:internal/streams/readable:1753:12)
    at process.processTicksAndRejections (node:internal/process/task_queues:90:21)
10:31:35 PM [vite] http proxy error: /api/registrations?eventId=E001
Error: socket hang up
    at Socket.socketOnEnd (node:_http_client:771:25)
    at Socket.emit (node:events:521:24)
    at endReadableNT (node:internal/streams/readable:1753:12)
    at process.processTicksAndRejections (node:internal/process/task_queues:90:21)
10:31:35 PM [vite] http proxy error: /api/matches
Error: socket hang up
    at Socket.socketOnEnd (node:_http_client:771:25)
    at Socket.emit (node:events:521:24)
    at endReadableNT (node:internal/streams/readable:1753:12)
    at process.processTicksAndRejections (node:internal/process/task_queues:90:21)
10:31:35 PM [vite] http proxy error: /api/registrations?eventId=E001
Error: socket hang up
    at Socket.socketOnEnd (node:_http_client:771:25)
    at Socket.emit (node:events:521:24)
    at endReadableNT (node:internal/streams/readable:1753:12)
    at process.processTicksAndRejections (node:internal/process/task_queues:90:21)
10:31:40 PM [vite] http proxy error: /api/registrations?eventId=E001
Error: connect ECONNREFUSED 127.0.0.1:4004
    at TCPConnectWrap.afterConnect [as oncomplete] (node:net:1864:16)
10:31:40 PM [vite] http proxy error: /api/matches
Error: connect ECONNREFUSED 127.0.0.1:4004
    at TCPConnectWrap.afterConnect [as oncomplete] (node:net:1864:16)
10:33:42 PM [vite] http proxy error: /api/matches
Error: connect ECONNREFUSED 127.0.0.1:4004
    at TCPConnectWrap.afterConnect [as oncomplete] (node:net:1864:16)
10:33:42 PM [vite] http proxy error: /api/registrations?eventId=E002
Error: connect ECONNREFUSED 127.0.0.1:4004
    at TCPConnectWrap.afterConnect [as oncomplete] (node:net:1864:16)
10:33:43 PM [vite] http proxy error: /api/matches
Error: connect ECONNREFUSED 127.0.0.1:4004
    at TCPConnectWrap.afterConnect [as oncomplete] (node:net:1864:16)
10:33:43 PM [vite] http proxy error: /api/registrations?eventId=E003
Error: connect ECONNREFUSED 127.0.0.1:4004
    at TCPConnectWrap.afterConnect [as oncomplete] (node:net:1864:16)
10:33:44 PM [vite] http proxy error: /api/matches
Error: connect ECONNREFUSED 127.0.0.1:4004
    at TCPConnectWrap.afterConnect [as oncomplete] (node:net:1864:16)
10:33:44 PM [vite] http proxy error: /api/registrations?eventId=E004
Error: connect ECONNREFUSED 127.0.0.1:4004
    at TCPConnectWrap.afterConnect [as oncomplete] (node:net:1864:16)
10:33:44 PM [vite] http proxy error: /api/matches
Error: connect ECONNREFUSED 127.0.0.1:4004
    at TCPConnectWrap.afterConnect [as oncomplete] (node:net:1864:16)
10:33:44 PM [vite] http proxy error: /api/registrations?eventId=E005
Error: connect ECONNREFUSED 127.0.0.1:4004
    at TCPConnectWrap.afterConnect [as oncomplete] (node:net:1864:16)
10:33:48 PM [vite] http proxy error: /api/matches
Error: connect ECONNREFUSED 127.0.0.1:4004
    at TCPConnectWrap.afterConnect [as oncomplete] (node:net:1864:16)
10:33:48 PM [vite] http proxy error: /api/registrations?eventId=E001
Error: connect ECONNREFUSED 127.0.0.1:4004
    at TCPConnectWrap.afterConnect [as oncomplete] (node:net:1864:16)
10:34:02 PM [vite] http proxy error: /api/registrations?eventId=E002
Error: connect ECONNREFUSED 127.0.0.1:4004
    at TCPConnectWrap.afterConnect [as oncomplete] (node:net:1864:16)
10:34:02 PM [vite] http proxy error: /api/matches
Error: connect ECONNREFUSED 127.0.0.1:4004
    at TCPConnectWrap.afterConnect [as oncomplete] (node:net:1864:16)
10:34:22 PM [vite] (client) hmr update /src/pages/fixtures.tsx, /src/index.css
10:34:23 PM [vite] http proxy error: /api/registrations
Error: connect ECONNREFUSED 127.0.0.1:4004
    at TCPConnectWrap.afterConnect [as oncomplete] (node:net:1864:16)
10:34:42 PM [vite] http proxy error: /api/registrations
Error: connect ECONNREFUSED 127.0.0.1:4004
    at TCPConnectWrap.afterConnect [as oncomplete] (node:net:1864:16)
10:34:43 PM [vite] http proxy error: /api/registrations?eventId=E001
Error: connect ECONNREFUSED 127.0.0.1:4004
    at TCPConnectWrap.afterConnect [as oncomplete] (node:net:1864:16)
10:34:43 PM [vite] http proxy error: /api/matches
Error: connect ECONNREFUSED 127.0.0.1:4004
    at TCPConnectWrap.afterConnect [as oncomplete] (node:net:1864:16)
10:34:47 PM [vite] http proxy error: /api/registrations?eventId=E002
Error: connect ECONNREFUSED 127.0.0.1:4004
    at TCPConnectWrap.afterConnect [as oncomplete] (node:net:1864:16)
10:34:47 PM [vite] http proxy error: /api/matches
Error: connect ECONNREFUSED 127.0.0.1:4004
    at TCPConnectWrap.afterConnect [as oncomplete] (node:net:1864:16)
10:34:48 PM [vite] http proxy error: /api/matches
Error: connect ECONNREFUSED 127.0.0.1:4004
    at TCPConnectWrap.afterConnect [as oncomplete] (node:net:1864:16)
10:34:48 PM [vite] http proxy error: /api/registrations?eventId=E003
Error: connect ECONNREFUSED 127.0.0.1:4004
    at TCPConnectWrap.afterConnect [as oncomplete] (node:net:1864:16)
10:34:48 PM [vite] http proxy error: /api/registrations?eventId=E004
Error: connect ECONNREFUSED 127.0.0.1:4004
    at TCPConnectWrap.afterConnect [as oncomplete] (node:net:1864:16)
10:34:48 PM [vite] http proxy error: /api/matches
Error: connect ECONNREFUSED 127.0.0.1:4004
    at TCPConnectWrap.afterConnect [as oncomplete] (node:net:1864:16)
10:34:49 PM [vite] http proxy error: /api/registrations?eventId=E001
Error: connect ECONNREFUSED 127.0.0.1:4004
    at TCPConnectWrap.afterConnect [as oncomplete] (node:net:1864:16)
10:34:49 PM [vite] http proxy error: /api/matches
Error: connect ECONNREFUSED 127.0.0.1:4004
    at TCPConnectWrap.afterConnect [as oncomplete] (node:net:1864:16)
10:34:50 PM [vite] http proxy error: /api/registrations
Error: connect ECONNREFUSED 127.0.0.1:4004
    at TCPConnectWrap.afterConnect [as oncomplete] (node:net:1864:16)
10:34:50 PM [vite] http proxy error: /api/matches
Error: connect ECONNREFUSED 127.0.0.1:4004
    at TCPConnectWrap.afterConnect [as oncomplete] (node:net:1864:16)
10:35:18 PM [vite] http proxy error: /api/tournaments/T001
Error: connect ECONNREFUSED 127.0.0.1:4004
    at TCPConnectWrap.afterConnect [as oncomplete] (node:net:1864:16)
10:35:22 PM [vite] http proxy error: /api/registrations
Error: connect ECONNREFUSED 127.0.0.1:4004
    at TCPConnectWrap.afterConnect [as oncomplete] (node:net:1864:16)
10:35:24 PM [vite] http proxy error: /api/registrations?eventId=E001
Error: connect ECONNREFUSED 127.0.0.1:4004
    at TCPConnectWrap.afterConnect [as oncomplete] (node:net:1864:16)
10:35:24 PM [vite] http proxy error: /api/matches?eventId=E001
Error: connect ECONNREFUSED 127.0.0.1:4004
    at TCPConnectWrap.afterConnect [as oncomplete] (node:net:1864:16)
10:35:27 PM [vite] http proxy error: /api/registrations?eventId=E001
Error: connect ECONNREFUSED 127.0.0.1:4004
    at TCPConnectWrap.afterConnect [as oncomplete] (node:net:1864:16)
10:35:28 PM [vite] http proxy error: /api/registrations?eventId=E001
Error: connect ECONNREFUSED 127.0.0.1:4004
    at TCPConnectWrap.afterConnect [as oncomplete] (node:net:1864:16)
10:35:28 PM [vite] http proxy error: /api/registrations?eventId=E001
Error: connect ECONNREFUSED 127.0.0.1:4004
    at TCPConnectWrap.afterConnect [as oncomplete] (node:net:1864:16)
10:35:29 PM [vite] http proxy error: /api/registrations?eventId=E001
Error: connect ECONNREFUSED 127.0.0.1:4004
    at TCPConnectWrap.afterConnect [as oncomplete] (node:net:1864:16)
10:35:29 PM [vite] http proxy error: /api/registrations?eventId=E001
Error: connect ECONNREFUSED 127.0.0.1:4004
    at TCPConnectWrap.afterConnect [as oncomplete] (node:net:1864:16)
10:35:32 PM [vite] http proxy error: /api/registrations
Error: connect ECONNREFUSED 127.0.0.1:4004
    at TCPConnectWrap.afterConnect [as oncomplete] (node:net:1864:16)
10:35:33 PM [vite] http proxy error: /api/registrations?eventId=E001
Error: connect ECONNREFUSED 127.0.0.1:4004
    at TCPConnectWrap.afterConnect [as oncomplete] (node:net:1864:16)
10:35:33 PM [vite] http proxy error: /api/matches?eventId=E001
Error: connect ECONNREFUSED 127.0.0.1:4004
    at TCPConnectWrap.afterConnect [as oncomplete] (node:net:1864:16)
10:35:34 PM [vite] http proxy error: /api/registrations?eventId=E001
Error: connect ECONNREFUSED 127.0.0.1:4004
    at TCPConnectWrap.afterConnect [as oncomplete] (node:net:1864:16)
10:35:37 PM [vite] http proxy error: /api/matches
Error: connect ECONNREFUSED 127.0.0.1:4004
    at TCPConnectWrap.afterConnect [as oncomplete] (node:net:1864:16)
10:35:47 PM [vite] http proxy error: /api/registrations
Error: connect ECONNREFUSED 127.0.0.1:4004
    at TCPConnectWrap.afterConnect [as oncomplete] (node:net:1864:16)
10:35:47 PM [vite] http proxy error: /api/matches
Error: connect ECONNREFUSED 127.0.0.1:4004
    at TCPConnectWrap.afterConnect [as oncomplete] (node:net:1864:16)
10:35:47 PM [vite] http proxy error: /api/registrations?eventId=E001
Error: connect ECONNREFUSED 127.0.0.1:4004
    at TCPConnectWrap.afterConnect [as oncomplete] (node:net:1864:16)
10:35:47 PM [vite] http proxy error: /api/matches?eventId=E001
Error: connect ECONNREFUSED 127.0.0.1:4004
    at TCPConnectWrap.afterConnect [as oncomplete] (node:net:1864:16)
10:35:49 PM [vite] http proxy error: /api/registrations?eventId=E001
Error: connect ECONNREFUSED 127.0.0.1:4004
    at TCPConnectWrap.afterConnect [as oncomplete] (node:net:1864:16)
10:35:49 PM [vite] http proxy error: /api/registrations?eventId=E001
Error: connect ECONNREFUSED 127.0.0.1:4004
    at TCPConnectWrap.afterConnect [as oncomplete] (node:net:1864:16)
10:35:49 PM [vite] http proxy error: /api/registrations?eventId=E001
Error: connect ECONNREFUSED 127.0.0.1:4004
    at TCPConnectWrap.afterConnect [as oncomplete] (node:net:1864:16)
10:35:50 PM [vite] http proxy error: /api/registrations?eventId=E002
Error: connect ECONNREFUSED 127.0.0.1:4004
    at TCPConnectWrap.afterConnect [as oncomplete] (node:net:1864:16)
10:35:50 PM [vite] http proxy error: /api/matches?eventId=E002
Error: connect ECONNREFUSED 127.0.0.1:4004
    at TCPConnectWrap.afterConnect [as oncomplete] (node:net:1864:16)
10:35:51 PM [vite] http proxy error: /api/registrations?eventId=E002
Error: connect ECONNREFUSED 127.0.0.1:4004
    at TCPConnectWrap.afterConnect [as oncomplete] (node:net:1864:16)
10:35:52 PM [vite] http proxy error: /api/registrations?eventId=E003
Error: connect ECONNREFUSED 127.0.0.1:4004
    at TCPConnectWrap.afterConnect [as oncomplete] (node:net:1864:16)
10:35:52 PM [vite] http proxy error: /api/matches?eventId=E003
Error: connect ECONNREFUSED 127.0.0.1:4004
    at TCPConnectWrap.afterConnect [as oncomplete] (node:net:1864:16)
10:35:53 PM [vite] http proxy error: /api/registrations?eventId=E003
Error: connect ECONNREFUSED 127.0.0.1:4004
    at TCPConnectWrap.afterConnect [as oncomplete] (node:net:1864:16)
10:35:54 PM [vite] http proxy error: /api/registrations?eventId=E003
Error: connect ECONNREFUSED 127.0.0.1:4004
    at TCPConnectWrap.afterConnect [as oncomplete] (node:net:1864:16)
10:35:54 PM [vite] http proxy error: /api/registrations?eventId=E004
Error: connect ECONNREFUSED 127.0.0.1:4004
    at TCPConnectWrap.afterConnect [as oncomplete] (node:net:1864:16)
10:35:54 PM [vite] http proxy error: /api/matches?eventId=E004
Error: connect ECONNREFUSED 127.0.0.1:4004
    at TCPConnectWrap.afterConnect [as oncomplete] (node:net:1864:16)
10:35:55 PM [vite] http proxy error: /api/registrations?eventId=E004
Error: connect ECONNREFUSED 127.0.0.1:4004
    at TCPConnectWrap.afterConnect [as oncomplete] (node:net:1864:16)
10:35:55 PM [vite] http proxy error: /api/registrations?eventId=E004
Error: connect ECONNREFUSED 127.0.0.1:4004
    at TCPConnectWrap.afterConnect [as oncomplete] (node:net:1864:16)
10:35:56 PM [vite] http proxy error: /api/registrations?eventId=E005
Error: connect ECONNREFUSED 127.0.0.1:4004
    at TCPConnectWrap.afterConnect [as oncomplete] (node:net:1864:16)
10:35:56 PM [vite] http proxy error: /api/matches?eventId=E005
Error: connect ECONNREFUSED 127.0.0.1:4004
    at TCPConnectWrap.afterConnect [as oncomplete] (node:net:1864:16)
10:35:56 PM [vite] http proxy error: /api/registrations?eventId=E005
Error: connect ECONNREFUSED 127.0.0.1:4004
    at TCPConnectWrap.afterConnect [as oncomplete] (node:net:1864:16)
10:35:56 PM [vite] http proxy error: /api/registrations?eventId=E005
Error: connect ECONNREFUSED 127.0.0.1:4004
    at TCPConnectWrap.afterConnect [as oncomplete] (node:net:1864:16)
10:36:04 PM [vite] http proxy error: /api/matches
Error: connect ECONNREFUSED 127.0.0.1:4004
    at TCPConnectWrap.afterConnect [as oncomplete] (node:net:1864:16)
10:36:04 PM [vite] http proxy error: /api/registrations
Error: connect ECONNREFUSED 127.0.0.1:4004
    at TCPConnectWrap.afterConnect [as oncomplete] (node:net:1864:16)
10:36:05 PM [vite] http proxy error: /api/registrations
Error: connect ECONNREFUSED 127.0.0.1:4004
    at TCPConnectWrap.afterConnect [as oncomplete] (node:net:1864:16)
10:36:05 PM [vite] http proxy error: /api/matches
Error: connect ECONNREFUSED 127.0.0.1:4004
    at TCPConnectWrap.afterConnect [as oncomplete] (node:net:1864:16)
10:36:32 PM [vite] http proxy error: /api/registrations
Error: connect ECONNREFUSED 127.0.0.1:4004
    at TCPConnectWrap.afterConnect [as oncomplete] (node:net:1864:16)
10:36:35 PM [vite] http proxy error: /api/registrations?eventId=E001
Error: connect ECONNREFUSED 127.0.0.1:4004
    at TCPConnectWrap.afterConnect [as oncomplete] (node:net:1864:16)
10:36:35 PM [vite] http proxy error: /api/matches
Error: connect ECONNREFUSED 127.0.0.1:4004
    at TCPConnectWrap.afterConnect [as oncomplete] (node:net:1864:16)
10:36:40 PM [vite] http proxy error: /api/matches
Error: connect ECONNREFUSED 127.0.0.1:4004
    at TCPConnectWrap.afterConnect [as oncomplete] (node:net:1864:16)
10:36:40 PM [vite] http proxy error: /api/registrations?eventId=E001
Error: connect ECONNREFUSED 127.0.0.1:4004
    at TCPConnectWrap.afterConnect [as oncomplete] (node:net:1864:16)
10:36:43 PM [vite] http proxy error: /api/matches
Error: connect ECONNREFUSED 127.0.0.1:4004
    at TCPConnectWrap.afterConnect [as oncomplete] (node:net:1864:16)
10:36:43 PM [vite] http proxy error: /api/registrations?eventId=E001
Error: connect ECONNREFUSED 127.0.0.1:4004
    at TCPConnectWrap.afterConnect [as oncomplete] (node:net:1864:16)
10:36:44 PM [vite] http proxy error: /api/matches
Error: connect ECONNREFUSED 127.0.0.1:4004
    at TCPConnectWrap.afterConnect [as oncomplete] (node:net:1864:16)
10:36:44 PM [vite] http proxy error: /api/registrations?eventId=E001
Error: connect ECONNREFUSED 127.0.0.1:4004
    at TCPConnectWrap.afterConnect [as oncomplete] (node:net:1864:16)
10:36:56 PM [vite] http proxy error: /api/registrations
Error: connect ECONNREFUSED 127.0.0.1:4004
    at TCPConnectWrap.afterConnect [as oncomplete] (node:net:1864:16)
10:37:02 PM [vite] http proxy error: /api/registrations?eventId=E001
Error: connect ECONNREFUSED 127.0.0.1:4004
    at TCPConnectWrap.afterConnect [as oncomplete] (node:net:1864:16)
10:37:02 PM [vite] http proxy error: /api/matches
Error: connect ECONNREFUSED 127.0.0.1:4004
    at TCPConnectWrap.afterConnect [as oncomplete] (node:net:1864:16)
10:37:04 PM [vite] http proxy error: /api/matches
Error: connect ECONNREFUSED 127.0.0.1:4004
    at TCPConnectWrap.afterConnect [as oncomplete] (node:net:1864:16)
10:37:04 PM [vite] http proxy error: /api/registrations?eventId=E001
Error: connect ECONNREFUSED 127.0.0.1:4004
    at TCPConnectWrap.afterConnect [as oncomplete] (node:net:1864:16)
10:37:04 PM [vite] http proxy error: /api/matches
Error: connect ECONNREFUSED 127.0.0.1:4004
    at TCPConnectWrap.afterConnect [as oncomplete] (node:net:1864:16)
10:37:04 PM [vite] http proxy error: /api/registrations
Error: connect ECONNREFUSED 127.0.0.1:4004
    at TCPConnectWrap.afterConnect [as oncomplete] (node:net:1864:16)
10:37:05 PM [vite] http proxy error: /api/registrations?eventId=E001
Error: connect ECONNREFUSED 127.0.0.1:4004
    at TCPConnectWrap.afterConnect [as oncomplete] (node:net:1864:16)
10:37:05 PM [vite] http proxy error: /api/matches
Error: connect ECONNREFUSED 127.0.0.1:4004
    at TCPConnectWrap.afterConnect [as oncomplete] (node:net:1864:16)
10:37:18 PM [vite] http proxy error: /api/registrations
Error: connect ECONNREFUSED 127.0.0.1:4004
    at TCPConnectWrap.afterConnect [as oncomplete] (node:net:1864:16)
10:37:20 PM [vite] http proxy error: /api/registrations?eventId=E001
Error: connect ECONNREFUSED 127.0.0.1:4004
    at TCPConnectWrap.afterConnect [as oncomplete] (node:net:1864:16)
10:37:20 PM [vite] http proxy error: /api/matches?eventId=E001
Error: connect ECONNREFUSED 127.0.0.1:4004
    at TCPConnectWrap.afterConnect [as oncomplete] (node:net:1864:16)
10:37:21 PM [vite] http proxy error: /api/registrations?eventId=E001
Error: connect ECONNREFUSED 127.0.0.1:4004
    at TCPConnectWrap.afterConnect [as oncomplete] (node:net:1864:16)
10:37:21 PM [vite] http proxy error: /api/registrations?eventId=E001
Error: connect ECONNREFUSED 127.0.0.1:4004
    at TCPConnectWrap.afterConnect [as oncomplete] (node:net:1864:16)
10:37:22 PM [vite] http proxy error: /api/registrations
Error: connect ECONNREFUSED 127.0.0.1:4004
    at TCPConnectWrap.afterConnect [as oncomplete] (node:net:1864:16)
10:37:22 PM [vite] http proxy error: /api/matches
Error: connect ECONNREFUSED 127.0.0.1:4004
    at TCPConnectWrap.afterConnect [as oncomplete] (node:net:1864:16)
10:37:23 PM [vite] http proxy error: /api/registrations
Error: connect ECONNREFUSED 127.0.0.1:4004
    at TCPConnectWrap.afterConnect [as oncomplete] (node:net:1864:16)
10:37:23 PM [vite] http proxy error: /api/matches
Error: connect ECONNREFUSED 127.0.0.1:4004
    at TCPConnectWrap.afterConnect [as oncomplete] (node:net:1864:16)
10:37:24 PM [vite] http proxy error: /api/registrations
Error: connect ECONNREFUSED 127.0.0.1:4004
    at TCPConnectWrap.afterConnect [as oncomplete] (node:net:1864:16)
10:37:24 PM [vite] http proxy error: /api/matches
Error: connect ECONNREFUSED 127.0.0.1:4004
    at TCPConnectWrap.afterConnect [as oncomplete] (node:net:1864:16)
10:37:25 PM [vite] http proxy error: /api/registrations
Error: connect ECONNREFUSED 127.0.0.1:4004
    at TCPConnectWrap.afterConnect [as oncomplete] (node:net:1864:16)
10:37:25 PM [vite] http proxy error: /api/matches
Error: connect ECONNREFUSED 127.0.0.1:4004
    at TCPConnectWrap.afterConnect [as oncomplete] (node:net:1864:16)
10:37:32 PM [vite] http proxy error: /api/registrations
Error: connect ECONNREFUSED 127.0.0.1:4004
    at TCPConnectWrap.afterConnect [as oncomplete] (node:net:1864:16)
10:37:32 PM [vite] http proxy error: /api/matches
Error: connect ECONNREFUSED 127.0.0.1:4004
    at TCPConnectWrap.afterConnect [as oncomplete] (node:net:1864:16)
10:37:33 PM [vite] http proxy error: /api/registrations?eventId=E001
Error: connect ECONNREFUSED 127.0.0.1:4004
    at TCPConnectWrap.afterConnect [as oncomplete] (node:net:1864:16)
10:37:33 PM [vite] http proxy error: /api/matches?eventId=E001
Error: connect ECONNREFUSED 127.0.0.1:4004
    at TCPConnectWrap.afterConnect [as oncomplete] (node:net:1864:16)
10:37:34 PM [vite] http proxy error: /api/registrations
Error: connect ECONNREFUSED 127.0.0.1:4004
    at TCPConnectWrap.afterConnect [as oncomplete] (node:net:1864:16)
10:37:40 PM [vite] (client) hmr update /src/pages/fixtures.tsx, /src/index.css
10:37:45 PM [vite] http proxy error: /api/matches
Error: connect ECONNREFUSED 127.0.0.1:4004
    at TCPConnectWrap.afterConnect [as oncomplete] (node:net:1864:16)
10:38:03 PM [vite] http proxy error: /api/registrations?eventId=E001
Error: connect ECONNREFUSED 127.0.0.1:4004
    at TCPConnectWrap.afterConnect [as oncomplete] (node:net:1864:16)
10:38:03 PM [vite] http proxy error: /api/matches?eventId=E001
Error: connect ECONNREFUSED 127.0.0.1:4004
    at TCPConnectWrap.afterConnect [as oncomplete] (node:net:1864:16)
10:38:05 PM [vite] http proxy error: /api/registrations?eventId=E001
Error: connect ECONNREFUSED 127.0.0.1:4004
    at TCPConnectWrap.afterConnect [as oncomplete] (node:net:1864:16)
10:38:12 PM [vite] http proxy error: /api/registrations
Error: connect ECONNREFUSED 127.0.0.1:4004
    at TCPConnectWrap.afterConnect [as oncomplete] (node:net:1864:16)
10:38:12 PM [vite] http proxy error: /api/matches
Error: connect ECONNREFUSED 127.0.0.1:4004
    at TCPConnectWrap.afterConnect [as oncomplete] (node:net:1864:16)
10:38:13 PM [vite] http proxy error: /api/registrations
Error: connect ECONNREFUSED 127.0.0.1:4004
    at TCPConnectWrap.afterConnect [as oncomplete] (node:net:1864:16)
10:38:15 PM [vite] http proxy error: /api/registrations
Error: connect ECONNREFUSED 127.0.0.1:4004
    at TCPConnectWrap.afterConnect [as oncomplete] (node:net:1864:16)
10:38:16 PM [vite] http proxy error: /api/registrations?eventId=E001
Error: connect ECONNREFUSED 127.0.0.1:4004
    at TCPConnectWrap.afterConnect [as oncomplete] (node:net:1864:16)
10:38:16 PM [vite] http proxy error: /api/matches?eventId=E001
Error: connect ECONNREFUSED 127.0.0.1:4004
    at TCPConnectWrap.afterConnect [as oncomplete] (node:net:1864:16)
10:38:17 PM [vite] http proxy error: /api/registrations
Error: connect ECONNREFUSED 127.0.0.1:4004
    at TCPConnectWrap.afterConnect [as oncomplete] (node:net:1864:16)
10:38:17 PM [vite] http proxy error: /api/matches
Error: connect ECONNREFUSED 127.0.0.1:4004
    at TCPConnectWrap.afterConnect [as oncomplete] (node:net:1864:16)
10:38:18 PM [vite] http proxy error: /api/matches
Error: connect ECONNREFUSED 127.0.0.1:4004
    at TCPConnectWrap.afterConnect [as oncomplete] (node:net:1864:16)
10:38:18 PM [vite] http proxy error: /api/registrations
Error: connect ECONNREFUSED 127.0.0.1:4004
    at TCPConnectWrap.afterConnect [as oncomplete] (node:net:1864:16)
10:50:20 PM [vite] (client) hmr update /src/pages/results.tsx, /src/index.css
10:50:20 PM [vite] (client) hmr update /src/pages/fixtures.tsx, /src/index.css
10:50:27 PM [vite] (client) hmr update /src/pages/fixtures.tsx, /src/index.css
10:50:27 PM [vite] (client) hmr update /src/pages/results.tsx, /src/index.css
10:54:49 PM [vite] vite.config.ts changed, restarting server...
10:54:49 PM [vite] server restarted.
10:54:54 PM [vite] vite.config.ts changed, restarting server...
10:54:54 PM [vite] server restarted.
10:56:55 PM [vite] http proxy error: /api/matches
Error: connect ECONNREFUSED 127.0.0.1:4001
    at TCPConnectWrap.afterConnect [as oncomplete] (node:net:1864:16)
10:56:55 PM [vite] http proxy error: /api/registrations?eventId=E001
Error: connect ECONNREFUSED 127.0.0.1:4001
    at TCPConnectWrap.afterConnect [as oncomplete] (node:net:1864:16)
10:56:56 PM [vite] http proxy error: /api/registrations
Error: connect ECONNREFUSED 127.0.0.1:4001
    at TCPConnectWrap.afterConnect [as oncomplete] (node:net:1864:16)
10:56:56 PM [vite] http proxy error: /api/matches
Error: connect ECONNREFUSED 127.0.0.1:4001
    at TCPConnectWrap.afterConnect [as oncomplete] (node:net:1864:16)
10:57:12 PM [vite] http proxy error: /api/registrations
Error: connect ECONNREFUSED 127.0.0.1:4001
    at TCPConnectWrap.afterConnect [as oncomplete] (node:net:1864:16)
10:57:14 PM [vite] http proxy error: /api/registrations?eventId=E001
Error: connect ECONNREFUSED 127.0.0.1:4001
    at TCPConnectWrap.afterConnect [as oncomplete] (node:net:1864:16)
10:57:14 PM [vite] http proxy error: /api/matches?eventId=E001
Error: connect ECONNREFUSED 127.0.0.1:4001
    at TCPConnectWrap.afterConnect [as oncomplete] (node:net:1864:16)
10:57:15 PM [vite] http proxy error: /api/registrations?eventId=E001
Error: connect ECONNREFUSED 127.0.0.1:4001
    at TCPConnectWrap.afterConnect [as oncomplete] (node:net:1864:16)
10:57:16 PM [vite] http proxy error: /api/registrations?eventId=E001
Error: connect ECONNREFUSED 127.0.0.1:4001
    at TCPConnectWrap.afterConnect [as oncomplete] (node:net:1864:16)
10:57:16 PM [vite] http proxy error: /api/registrations?eventId=E001
Error: connect ECONNREFUSED 127.0.0.1:4001
    at TCPConnectWrap.afterConnect [as oncomplete] (node:net:1864:16)
10:57:16 PM [vite] http proxy error: /api/registrations?eventId=E001
Error: connect ECONNREFUSED 127.0.0.1:4001
    at TCPConnectWrap.afterConnect [as oncomplete] (node:net:1864:16)
10:57:16 PM [vite] http proxy error: /api/registrations?eventId=E001
Error: connect ECONNREFUSED 127.0.0.1:4001
    at TCPConnectWrap.afterConnect [as oncomplete] (node:net:1864:16)
10:57:16 PM [vite] http proxy error: /api/registrations?eventId=E001
Error: connect ECONNREFUSED 127.0.0.1:4001
    at TCPConnectWrap.afterConnect [as oncomplete] (node:net:1864:16)
10:57:16 PM [vite] http proxy error: /api/registrations?eventId=E001
Error: connect ECONNREFUSED 127.0.0.1:4001
    at TCPConnectWrap.afterConnect [as oncomplete] (node:net:1864:16)
10:57:17 PM [vite] http proxy error: /api/registrations?eventId=E001
Error: connect ECONNREFUSED 127.0.0.1:4001
    at TCPConnectWrap.afterConnect [as oncomplete] (node:net:1864:16)
10:57:17 PM [vite] http proxy error: /api/registrations?eventId=E001
Error: connect ECONNREFUSED 127.0.0.1:4001
    at TCPConnectWrap.afterConnect [as oncomplete] (node:net:1864:16)
10:57:18 PM [vite] http proxy error: /api/registrations
Error: connect ECONNREFUSED 127.0.0.1:4001
    at TCPConnectWrap.afterConnect [as oncomplete] (node:net:1864:16)
10:57:18 PM [vite] http proxy error: /api/matches
Error: connect ECONNREFUSED 127.0.0.1:4001
    at TCPConnectWrap.afterConnect [as oncomplete] (node:net:1864:16)
10:57:19 PM [vite] http proxy error: /api/registrations
Error: connect ECONNREFUSED 127.0.0.1:4001
    at TCPConnectWrap.afterConnect [as oncomplete] (node:net:1864:16)
10:57:19 PM [vite] http proxy error: /api/matches
Error: connect ECONNREFUSED 127.0.0.1:4001
    at TCPConnectWrap.afterConnect [as oncomplete] (node:net:1864:16)
10:57:23 PM [vite] http proxy error: /api/registrations?eventId=E001
Error: connect ECONNREFUSED 127.0.0.1:4001
    at TCPConnectWrap.afterConnect [as oncomplete] (node:net:1864:16)
10:57:23 PM [vite] http proxy error: /api/matches?eventId=E001
Error: connect ECONNREFUSED 127.0.0.1:4001
    at TCPConnectWrap.afterConnect [as oncomplete] (node:net:1864:16)
10:57:25 PM [vite] http proxy error: /api/registrations?eventId=E001
Error: connect ECONNREFUSED 127.0.0.1:4001
    at TCPConnectWrap.afterConnect [as oncomplete] (node:net:1864:16)
10:57:26 PM [vite] http proxy error: /api/registrations?eventId=E001
Error: connect ECONNREFUSED 127.0.0.1:4001
    at TCPConnectWrap.afterConnect [as oncomplete] (node:net:1864:16)
10:57:27 PM [vite] http proxy error: /api/registrations?eventId=E001
Error: connect ECONNREFUSED 127.0.0.1:4001
    at TCPConnectWrap.afterConnect [as oncomplete] (node:net:1864:16)
10:57:40 PM [vite] http proxy error: /api/registrations?eventId=E001
Error: connect ECONNREFUSED 127.0.0.1:4001
    at TCPConnectWrap.afterConnect [as oncomplete] (node:net:1864:16)
10:58:10 PM [vite] http proxy error: /api/registrations?eventId=E002
Error: connect ECONNREFUSED 127.0.0.1:4001
    at TCPConnectWrap.afterConnect [as oncomplete] (node:net:1864:16)
10:58:10 PM [vite] http proxy error: /api/matches?eventId=E002
Error: connect ECONNREFUSED 127.0.0.1:4001
    at TCPConnectWrap.afterConnect [as oncomplete] (node:net:1864:16)
10:58:14 PM [vite] http proxy error: /api/registrations?eventId=E001
Error: connect ECONNREFUSED 127.0.0.1:4001
    at TCPConnectWrap.afterConnect [as oncomplete] (node:net:1864:16)
11:12:47 PM [vite] http proxy error: /api/matches
Error: connect ECONNREFUSED 127.0.0.1:4001
    at TCPConnectWrap.afterConnect [as oncomplete] (node:net:1864:16)
11:13:02 PM [vite] http proxy error: /api/registrations?eventId=E001
Error: connect ECONNREFUSED 127.0.0.1:4001
    at TCPConnectWrap.afterConnect [as oncomplete] (node:net:1864:16)
11:13:02 PM [vite] http proxy error: /api/matches?eventId=E001
Error: connect ECONNREFUSED 127.0.0.1:4001
    at TCPConnectWrap.afterConnect [as oncomplete] (node:net:1864:16)
11:13:03 PM [vite] http proxy error: /api/registrations?eventId=E001
Error: connect ECONNREFUSED 127.0.0.1:4001
    at TCPConnectWrap.afterConnect [as oncomplete] (node:net:1864:16)
11:13:04 PM [vite] http proxy error: /api/registrations?eventId=E001
Error: connect ECONNREFUSED 127.0.0.1:4001
    at TCPConnectWrap.afterConnect [as oncomplete] (node:net:1864:16)
11:13:04 PM [vite] http proxy error: /api/registrations?eventId=E001
Error: connect ECONNREFUSED 127.0.0.1:4001
    at TCPConnectWrap.afterConnect [as oncomplete] (node:net:1864:16)
11:13:04 PM [vite] http proxy error: /api/registrations?eventId=E001
Error: connect ECONNREFUSED 127.0.0.1:4001
    at TCPConnectWrap.afterConnect [as oncomplete] (node:net:1864:16)
11:13:05 PM [vite] http proxy error: /api/registrations?eventId=E001
Error: connect ECONNREFUSED 127.0.0.1:4001
    at TCPConnectWrap.afterConnect [as oncomplete] (node:net:1864:16)
11:13:05 PM [vite] http proxy error: /api/registrations?eventId=E001
Error: connect ECONNREFUSED 127.0.0.1:4001
    at TCPConnectWrap.afterConnect [as oncomplete] (node:net:1864:16)
11:13:05 PM [vite] http proxy error: /api/registrations?eventId=E001
Error: connect ECONNREFUSED 127.0.0.1:4001
    at TCPConnectWrap.afterConnect [as oncomplete] (node:net:1864:16)
11:13:05 PM [vite] http proxy error: /api/registrations?eventId=E001
Error: connect ECONNREFUSED 127.0.0.1:4001
    at TCPConnectWrap.afterConnect [as oncomplete] (node:net:1864:16)
11:13:06 PM [vite] http proxy error: /api/matches
Error: connect ECONNREFUSED 127.0.0.1:4001
    at TCPConnectWrap.afterConnect [as oncomplete] (node:net:1864:16)
11:13:06 PM [vite] http proxy error: /api/registrations
Error: connect ECONNREFUSED 127.0.0.1:4001
    at TCPConnectWrap.afterConnect [as oncomplete] (node:net:1864:16)
11:13:15 PM [vite] http proxy error: /api/registrations?eventId=E001
Error: connect ECONNREFUSED 127.0.0.1:4001
    at TCPConnectWrap.afterConnect [as oncomplete] (node:net:1864:16)
11:13:15 PM [vite] http proxy error: /api/matches
Error: connect ECONNREFUSED 127.0.0.1:4001
    at TCPConnectWrap.afterConnect [as oncomplete] (node:net:1864:16)
11:13:16 PM [vite] http proxy error: /api/matches
Error: connect ECONNREFUSED 127.0.0.1:4001
    at TCPConnectWrap.afterConnect [as oncomplete] (node:net:1864:16)
11:13:16 PM [vite] http proxy error: /api/registrations?eventId=E001
Error: connect ECONNREFUSED 127.0.0.1:4001
    at TCPConnectWrap.afterConnect [as oncomplete] (node:net:1864:16)
11:13:17 PM [vite] http proxy error: /api/matches
Error: connect ECONNREFUSED 127.0.0.1:4001
    at TCPConnectWrap.afterConnect [as oncomplete] (node:net:1864:16)
11:13:17 PM [vite] http proxy error: /api/registrations
Error: connect ECONNREFUSED 127.0.0.1:4001
    at TCPConnectWrap.afterConnect [as oncomplete] (node:net:1864:16)
[ELIFECYCLE] Command failed.
